tests/test_contract_opcodes.py::TestContractOpcodes::test_contract_input_output[shifts.tz-None-(Right (Pair 1 2))-(Some 0)]

storage
  (Some 0)
emitted operations
  
big_map diff
  
trace
  - location: 13 (remaining gas: 1039283 units remaining)
    [ (Pair (Right (Pair 1 2)) None)  	 ]
  - location: 14 (remaining gas: 1039283 units remaining)
    [ (Right (Pair 1 2))  	@parameter ]
  - location: 28 (remaining gas: 1039282 units remaining)
    [ (Pair 1 2)  	@parameter.right
      (Pair 1 2)  	@parameter.right ]
  - location: 29 (remaining gas: 1039281 units remaining)
    [ 1  	
      (Pair 1 2)  	@parameter.right ]
  - location: 32 (remaining gas: 1039280 units remaining)
    [ 2  	 ]
  - location: 31 (remaining gas: 1039280 units remaining)
    [ 2  	 ]
  - location: 30 (remaining gas: 1039280 units remaining)
    [ 1  	
      2  	 ]
  - location: -1 (remaining gas: 1039280 units remaining)
    [ 1  	
      2  	 ]
  - location: 26 (remaining gas: 1039280 units remaining)
    [ 1  	
      2  	 ]
  - location: 33 (remaining gas: 1039279 units remaining)
    [ 0  	 ]
  - location: -1 (remaining gas: 1039279 units remaining)
    [ 0  	 ]
  - location: 34 (remaining gas: 1039278 units remaining)
    [ (Some 0)  	 ]
  - location: 35 (remaining gas: 1039278 units remaining)
    [ {}  	
      (Some 0)  	 ]
  - location: 37 (remaining gas: 1039278 units remaining)
    [ (Pair {} (Some 0))  	 ]
  - location: -1 (remaining gas: 1039277 units remaining)
    [ (Pair {} (Some 0))  	 ]

