tests/test_contract_opcodes.py::TestContractOpcodes::test_contract_input_output[map_iter.tz-(Pair 0 0)-{ Elt 0 100 ; Elt 2 100 }-(Pair 2 200)]

storage
  (Pair 2 200)
emitted operations
  
big_map diff
  
trace
  - location: 10 (remaining gas: 1039028 units remaining)
    [ (Pair { Elt 0 100 ; Elt 2 100 } (Pair 0 0))  	 ]
  - location: 11 (remaining gas: 1039028 units remaining)
    [ { Elt 0 100 ; Elt 2 100 }  	@parameter ]
  - location: 12 (remaining gas: 1039028 units remaining)
    [ 0  	@acc_e
      { Elt 0 100 ; Elt 2 100 }  	@parameter ]
  - location: 15 (remaining gas: 1039027 units remaining)
    [ 0  	@acc_k
      0  	@acc_e
      { Elt 0 100 ; Elt 2 100 }  	@parameter ]
  - location: 18 (remaining gas: 1039027 units remaining)
    [ (Pair 0 0)  	
      { Elt 0 100 ; Elt 2 100 }  	@parameter ]
  - location: 19 (remaining gas: 1039026 units remaining)
    [ { Elt 0 100 ; Elt 2 100 }  	@parameter
      (Pair 0 0)  	 ]
  - location: 24 (remaining gas: 1039024 units remaining)
    [ (Pair 0 0)  	
      (Pair 0 0)  	 ]
  - location: 25 (remaining gas: 1039023 units remaining)
    [ 0  	@acc_k
      (Pair 0 0)  	 ]
  - location: 28 (remaining gas: 1039023 units remaining)
    [ 0  	@acc_e ]
  - location: 27 (remaining gas: 1039022 units remaining)
    [ 0  	@acc_e ]
  - location: 26 (remaining gas: 1039022 units remaining)
    [ 0  	@acc_k
      0  	@acc_e ]
  - location: -1 (remaining gas: 1039022 units remaining)
    [ 0  	@acc_k
      0  	@acc_e ]
  - location: 22 (remaining gas: 1039022 units remaining)
    [ (Pair 0 100)  	
      0  	@acc_k
      0  	@acc_e ]
  - location: 29 (remaining gas: 1039022 units remaining)
    [ (Pair 0 100)  	
      (Pair 0 100)  	
      0  	@acc_k
      0  	@acc_e ]
  - location: 32 (remaining gas: 1039021 units remaining)
    [ 0  	@key
      0  	@acc_k
      0  	@acc_e ]
  - location: 33 (remaining gas: 1039020 units remaining)
    [ 0  	
      0  	@acc_e ]
  - location: -1 (remaining gas: 1039020 units remaining)
    [ 0  	
      0  	@acc_e ]
  - location: 30 (remaining gas: 1039020 units remaining)
    [ (Pair 0 100)  	
      0  	
      0  	@acc_e ]
  - location: 34 (remaining gas: 1039019 units remaining)
    [ 0  	
      (Pair 0 100)  	
      0  	@acc_e ]
  - location: 37 (remaining gas: 1039018 units remaining)
    [ 100  	@elt
      0  	@acc_e ]
  - location: 38 (remaining gas: 1039017 units remaining)
    [ 100  	 ]
  - location: -1 (remaining gas: 1039017 units remaining)
    [ 100  	 ]
  - location: 35 (remaining gas: 1039017 units remaining)
    [ 0  	
      100  	 ]
  - location: 39 (remaining gas: 1039016 units remaining)
    [ (Pair 0 100)  	 ]
  - location: -1 (remaining gas: 1039016 units remaining)
    [ (Pair 0 100)  	 ]
  - location: 24 (remaining gas: 1039015 units remaining)
    [ (Pair 0 100)  	
      (Pair 0 100)  	 ]
  - location: 25 (remaining gas: 1039015 units remaining)
    [ 0  	@acc_k
      (Pair 0 100)  	 ]
  - location: 28 (remaining gas: 1039014 units remaining)
    [ 100  	@acc_e ]
  - location: 27 (remaining gas: 1039013 units remaining)
    [ 100  	@acc_e ]
  - location: 26 (remaining gas: 1039013 units remaining)
    [ 0  	@acc_k
      100  	@acc_e ]
  - location: -1 (remaining gas: 1039013 units remaining)
    [ 0  	@acc_k
      100  	@acc_e ]
  - location: 22 (remaining gas: 1039013 units remaining)
    [ (Pair 2 100)  	
      0  	@acc_k
      100  	@acc_e ]
  - location: 29 (remaining gas: 1039013 units remaining)
    [ (Pair 2 100)  	
      (Pair 2 100)  	
      0  	@acc_k
      100  	@acc_e ]
  - location: 32 (remaining gas: 1039012 units remaining)
    [ 2  	@key
      0  	@acc_k
      100  	@acc_e ]
  - location: 33 (remaining gas: 1039011 units remaining)
    [ 2  	
      100  	@acc_e ]
  - location: -1 (remaining gas: 1039011 units remaining)
    [ 2  	
      100  	@acc_e ]
  - location: 30 (remaining gas: 1039011 units remaining)
    [ (Pair 2 100)  	
      2  	
      100  	@acc_e ]
  - location: 34 (remaining gas: 1039010 units remaining)
    [ 2  	
      (Pair 2 100)  	
      100  	@acc_e ]
  - location: 37 (remaining gas: 1039009 units remaining)
    [ 100  	@elt
      100  	@acc_e ]
  - location: 38 (remaining gas: 1039008 units remaining)
    [ 200  	 ]
  - location: -1 (remaining gas: 1039008 units remaining)
    [ 200  	 ]
  - location: 35 (remaining gas: 1039008 units remaining)
    [ 2  	
      200  	 ]
  - location: 39 (remaining gas: 1039007 units remaining)
    [ (Pair 2 200)  	 ]
  - location: -1 (remaining gas: 1039007 units remaining)
    [ (Pair 2 200)  	 ]
  - location: 20 (remaining gas: 1039007 units remaining)
    [ (Pair 2 200)  	 ]
  - location: 40 (remaining gas: 1039007 units remaining)
    [ {}  	
      (Pair 2 200)  	 ]
  - location: 42 (remaining gas: 1039006 units remaining)
    [ (Pair {} (Pair 2 200))  	 ]
  - location: -1 (remaining gas: 1039006 units remaining)
    [ (Pair {} (Pair 2 200))  	 ]

