tests/test_contract_opcodes.py::TestContractOpcodes::test_contract_input_output[concat_list.tz-""-{}-""]

storage
  ""
emitted operations
  
big_map diff
  
trace
  - location: 7 (remaining gas: 1039490 units remaining)
    [ (Pair {} "")  	 ]
  - location: 8 (remaining gas: 1039490 units remaining)
    [ {}  	@parameter ]
  - location: 9 (remaining gas: 1039490 units remaining)
    [ ""  	
      {}  	@parameter ]
  - location: 12 (remaining gas: 1039489 units remaining)
    [ {}  	@parameter
      ""  	 ]
  - location: 13 (remaining gas: 1039488 units remaining)
    [ ""  	 ]
  - location: 24 (remaining gas: 1039488 units remaining)
    [ {}  	
      ""  	 ]
  - location: 26 (remaining gas: 1039488 units remaining)
    [ (Pair {} "")  	 ]
  - location: -1 (remaining gas: 1039487 units remaining)
    [ (Pair {} "")  	 ]

