tests/test_contract_opcodes.py::TestContractOpcodes::test_contract_input_output[first.tz-111-{ 1 ; 2 ; 3 ; 4 }-1]

storage
  1
emitted operations
  
big_map diff
  
trace
  - location: 7 (remaining gas: 1039689 units remaining)
    [ (Pair { 1 ; 2 ; 3 ; 4 } 111)  	 ]
  - location: 8 (remaining gas: 1039689 units remaining)
    [ { 1 ; 2 ; 3 ; 4 }  	@parameter ]
  - location: 13 (remaining gas: 1039688 units remaining)
    [  ]
  - location: 12 (remaining gas: 1039687 units remaining)
    [  ]
  - location: 11 (remaining gas: 1039687 units remaining)
    [ 1  	@parameter.hd ]
  - location: 10 (remaining gas: 1039687 units remaining)
    [ 1  	@parameter.hd ]
  - location: 18 (remaining gas: 1039687 units remaining)
    [ {}  	
      1  	@parameter.hd ]
  - location: 20 (remaining gas: 1039686 units remaining)
    [ (Pair {} 1)  	 ]
  - location: -1 (remaining gas: 1039686 units remaining)
    [ (Pair {} 1)  	 ]

