tests/test_contract_opcodes.py::TestContractOpcodes::test_contract_input_output[reverse_loop.tz-{""}-{}-{}]

storage
  {}
emitted operations
  
big_map diff
  
trace
  - location: 8 (remaining gas: 1039339 units remaining)
    [ (Pair {} { "" })  	 ]
  - location: 9 (remaining gas: 1039339 units remaining)
    [ {}  	@parameter ]
  - location: 10 (remaining gas: 1039339 units remaining)
    [ {}  	
      {}  	@parameter ]
  - location: 12 (remaining gas: 1039338 units remaining)
    [ {}  	@parameter
      {}  	 ]
  - location: 13 (remaining gas: 1039338 units remaining)
    [ True  	
      {}  	@parameter
      {}  	 ]
  - location: 28 (remaining gas: 1039336 units remaining)
    [ {}  	
      {}  	 ]
  - location: 30 (remaining gas: 1039336 units remaining)
    [ False  	
      {}  	
      {}  	 ]
  - location: -1 (remaining gas: 1039336 units remaining)
    [ False  	
      {}  	
      {}  	 ]
  - location: 17 (remaining gas: 1039335 units remaining)
    [ False  	
      {}  	
      {}  	 ]
  - location: 16 (remaining gas: 1039335 units remaining)
    [ {}  	@parameter
      {}  	 ]
  - location: 33 (remaining gas: 1039335 units remaining)
    [ {}  	 ]
  - location: 34 (remaining gas: 1039334 units remaining)
    [ {}  	
      {}  	 ]
  - location: 36 (remaining gas: 1039334 units remaining)
    [ (Pair {} {})  	 ]
  - location: -1 (remaining gas: 1039334 units remaining)
    [ (Pair {} {})  	 ]

