tests/test_contract_opcodes.py::TestContractOpcodes::test_contract_input_output[set_iter.tz-111-{}-0]

storage
  0
emitted operations
  
big_map diff
  
trace
  - location: 7 (remaining gas: 1039697 units remaining)
    [ (Pair {} 111)  	 ]
  - location: 8 (remaining gas: 1039697 units remaining)
    [ {}  	@parameter ]
  - location: 9 (remaining gas: 1039697 units remaining)
    [ 0  	
      {}  	@parameter ]
  - location: 12 (remaining gas: 1039696 units remaining)
    [ {}  	@parameter
      0  	 ]
  - location: 13 (remaining gas: 1039695 units remaining)
    [ 0  	 ]
  - location: 16 (remaining gas: 1039695 units remaining)
    [ {}  	
      0  	 ]
  - location: 18 (remaining gas: 1039695 units remaining)
    [ (Pair {} 0)  	 ]
  - location: -1 (remaining gas: 1039694 units remaining)
    [ (Pair {} 0)  	 ]

