tests/test_contract_opcodes.py::TestContractOpcodes::test_contract_input_output[shifts.tz-None-(Left (Pair 8 1))-(Some 16)]

storage
  (Some 16)
emitted operations
  
big_map diff
  
trace
  - location: 13 (remaining gas: 1039283 units remaining)
    [ (Pair (Left (Pair 8 1)) None)  	 ]
  - location: 14 (remaining gas: 1039283 units remaining)
    [ (Left (Pair 8 1))  	@parameter ]
  - location: 19 (remaining gas: 1039282 units remaining)
    [ (Pair 8 1)  	@parameter.left
      (Pair 8 1)  	@parameter.left ]
  - location: 20 (remaining gas: 1039281 units remaining)
    [ 8  	
      (Pair 8 1)  	@parameter.left ]
  - location: 23 (remaining gas: 1039280 units remaining)
    [ 1  	 ]
  - location: 22 (remaining gas: 1039280 units remaining)
    [ 1  	 ]
  - location: 21 (remaining gas: 1039280 units remaining)
    [ 8  	
      1  	 ]
  - location: -1 (remaining gas: 1039280 units remaining)
    [ 8  	
      1  	 ]
  - location: 17 (remaining gas: 1039280 units remaining)
    [ 8  	
      1  	 ]
  - location: 24 (remaining gas: 1039279 units remaining)
    [ 16  	 ]
  - location: -1 (remaining gas: 1039279 units remaining)
    [ 16  	 ]
  - location: 34 (remaining gas: 1039278 units remaining)
    [ (Some 16)  	 ]
  - location: 35 (remaining gas: 1039278 units remaining)
    [ {}  	
      (Some 16)  	 ]
  - location: 37 (remaining gas: 1039278 units remaining)
    [ (Pair {} (Some 16))  	 ]
  - location: -1 (remaining gas: 1039277 units remaining)
    [ (Pair {} (Some 16))  	 ]

