tests/test_contract_opcodes.py::TestContractOpcodes::test_contract_input_output[set_size.tz-111-{ 1 ; 2 ; 3 }-3]

storage
  3
emitted operations
  
big_map diff
  
trace
  - location: 7 (remaining gas: 1039657 units remaining)
    [ (Pair { 1 ; 2 ; 3 } 111)  	 ]
  - location: 8 (remaining gas: 1039657 units remaining)
    [ { 1 ; 2 ; 3 }  	@parameter ]
  - location: 9 (remaining gas: 1039657 units remaining)
    [ 3  	 ]
  - location: 10 (remaining gas: 1039656 units remaining)
    [ {}  	
      3  	 ]
  - location: 12 (remaining gas: 1039656 units remaining)
    [ (Pair {} 3)  	 ]
  - location: -1 (remaining gas: 1039655 units remaining)
    [ (Pair {} 3)  	 ]

