tests/test_contract_opcodes.py::TestContractOpcodes::test_contract_input_output[xor.tz-None-Right (Pair 1 1)-(Some (Right 0))]

storage
  (Some (Right 0))
emitted operations
  
big_map diff
  
trace
  - location: 15 (remaining gas: 1039151 units remaining)
    [ (Pair (Right (Pair 1 1)) None)  	 ]
  - location: 16 (remaining gas: 1039151 units remaining)
    [ (Right (Pair 1 1))  	@parameter ]
  - location: 32 (remaining gas: 1039150 units remaining)
    [ (Pair 1 1)  	@parameter.right
      (Pair 1 1)  	@parameter.right ]
  - location: 33 (remaining gas: 1039149 units remaining)
    [ 1  	
      (Pair 1 1)  	@parameter.right ]
  - location: 36 (remaining gas: 1039148 units remaining)
    [ 1  	 ]
  - location: 35 (remaining gas: 1039148 units remaining)
    [ 1  	 ]
  - location: 34 (remaining gas: 1039148 units remaining)
    [ 1  	
      1  	 ]
  - location: -1 (remaining gas: 1039148 units remaining)
    [ 1  	
      1  	 ]
  - location: 30 (remaining gas: 1039148 units remaining)
    [ 1  	
      1  	 ]
  - location: 37 (remaining gas: 1039147 units remaining)
    [ 0  	 ]
  - location: 38 (remaining gas: 1039146 units remaining)
    [ (Right 0)  	 ]
  - location: -1 (remaining gas: 1039146 units remaining)
    [ (Right 0)  	 ]
  - location: 40 (remaining gas: 1039146 units remaining)
    [ (Some (Right 0))  	 ]
  - location: 41 (remaining gas: 1039145 units remaining)
    [ {}  	
      (Some (Right 0))  	 ]
  - location: 43 (remaining gas: 1039145 units remaining)
    [ (Pair {} (Some (Right 0)))  	 ]
  - location: -1 (remaining gas: 1039145 units remaining)
    [ (Pair {} (Some (Right 0)))  	 ]

