tests/test_contract_opcodes.py::TestContractOpcodes::test_contract_input_output[none.tz-Some 10-Unit-None]

storage
  None
emitted operations
  
big_map diff
  
trace
  - location: 7 (remaining gas: 1039787 units remaining)
    [ (Pair Unit (Some 10))  	 ]
  - location: 8 (remaining gas: 1039787 units remaining)
    [  ]
  - location: 9 (remaining gas: 1039787 units remaining)
    [ None  	 ]
  - location: 11 (remaining gas: 1039786 units remaining)
    [ {}  	
      None  	 ]
  - location: 13 (remaining gas: 1039786 units remaining)
    [ (Pair {} None)  	 ]
  - location: -1 (remaining gas: 1039785 units remaining)
    [ (Pair {} None)  	 ]

