tests/test_contract_opcodes.py::TestContractOpcodes::test_contract_input_output[or_binary.tz-None-(Pair 8 0)-(Some 8)]

storage
  (Some 8)
emitted operations
  
big_map diff
  
trace
  - location: 9 (remaining gas: 1039559 units remaining)
    [ (Pair (Pair 8 0) None)  	 ]
  - location: 10 (remaining gas: 1039559 units remaining)
    [ (Pair 8 0)  	@parameter ]
  - location: 13 (remaining gas: 1039558 units remaining)
    [ (Pair 8 0)  	@parameter
      (Pair 8 0)  	@parameter ]
  - location: 14 (remaining gas: 1039558 units remaining)
    [ 8  	
      (Pair 8 0)  	@parameter ]
  - location: 17 (remaining gas: 1039557 units remaining)
    [ 0  	 ]
  - location: 16 (remaining gas: 1039557 units remaining)
    [ 0  	 ]
  - location: 15 (remaining gas: 1039557 units remaining)
    [ 8  	
      0  	 ]
  - location: -1 (remaining gas: 1039557 units remaining)
    [ 8  	
      0  	 ]
  - location: 11 (remaining gas: 1039556 units remaining)
    [ 8  	
      0  	 ]
  - location: 18 (remaining gas: 1039555 units remaining)
    [ 8  	 ]
  - location: 19 (remaining gas: 1039555 units remaining)
    [ (Some 8)  	 ]
  - location: 20 (remaining gas: 1039554 units remaining)
    [ {}  	
      (Some 8)  	 ]
  - location: 22 (remaining gas: 1039554 units remaining)
    [ (Pair {} (Some 8))  	 ]
  - location: -1 (remaining gas: 1039554 units remaining)
    [ (Pair {} (Some 8))  	 ]

