tests/test_contract_opcodes.py::TestContractOpcodes::test_contract_input_output[add.tz-Unit-Unit-Unit]

storage
  Unit
emitted operations
  
big_map diff
  
trace
  - location: 6 (remaining gas: 1037268 units remaining)
    [ (Pair Unit Unit)  	 ]
  - location: 7 (remaining gas: 1037268 units remaining)
    [ Unit  	@parameter ]
  - location: 8 (remaining gas: 1037268 units remaining)
    [ 2  	
      Unit  	@parameter ]
  - location: 11 (remaining gas: 1037267 units remaining)
    [ 2  	
      2  	
      Unit  	@parameter ]
  - location: 14 (remaining gas: 1037266 units remaining)
    [ 4  	
      Unit  	@parameter ]
  - location: 15 (remaining gas: 1037266 units remaining)
    [ 4  	
      4  	
      Unit  	@parameter ]
  - location: 20 (remaining gas: 1037264 units remaining)
    [ 0  	
      Unit  	@parameter ]
  - location: 21 (remaining gas: 1037263 units remaining)
    [ True  	
      Unit  	@parameter ]
  - location: -1 (remaining gas: 1037263 units remaining)
    [ True  	
      Unit  	@parameter ]
  - location: 23 (remaining gas: 1037263 units remaining)
    [ Unit  	@parameter ]
  - location: -1 (remaining gas: 1037262 units remaining)
    [ Unit  	@parameter ]
  - location: 28 (remaining gas: 1037262 units remaining)
    [ 2  	
      Unit  	@parameter ]
  - location: 31 (remaining gas: 1037261 units remaining)
    [ 2  	
      2  	
      Unit  	@parameter ]
  - location: 34 (remaining gas: 1037260 units remaining)
    [ 4  	
      Unit  	@parameter ]
  - location: 35 (remaining gas: 1037260 units remaining)
    [ 4  	
      4  	
      Unit  	@parameter ]
  - location: 40 (remaining gas: 1037258 units remaining)
    [ 0  	
      Unit  	@parameter ]
  - location: 41 (remaining gas: 1037258 units remaining)
    [ True  	
      Unit  	@parameter ]
  - location: -1 (remaining gas: 1037257 units remaining)
    [ True  	
      Unit  	@parameter ]
  - location: 43 (remaining gas: 1037257 units remaining)
    [ Unit  	@parameter ]
  - location: -1 (remaining gas: 1037257 units remaining)
    [ Unit  	@parameter ]
  - location: 48 (remaining gas: 1037256 units remaining)
    [ 2  	
      Unit  	@parameter ]
  - location: 51 (remaining gas: 1037256 units remaining)
    [ 2  	
      2  	
      Unit  	@parameter ]
  - location: 54 (remaining gas: 1037255 units remaining)
    [ 4  	
      Unit  	@parameter ]
  - location: 55 (remaining gas: 1037254 units remaining)
    [ 4  	
      4  	
      Unit  	@parameter ]
  - location: 60 (remaining gas: 1037253 units remaining)
    [ 0  	
      Unit  	@parameter ]
  - location: 61 (remaining gas: 1037252 units remaining)
    [ True  	
      Unit  	@parameter ]
  - location: -1 (remaining gas: 1037252 units remaining)
    [ True  	
      Unit  	@parameter ]
  - location: 63 (remaining gas: 1037251 units remaining)
    [ Unit  	@parameter ]
  - location: -1 (remaining gas: 1037251 units remaining)
    [ Unit  	@parameter ]
  - location: 68 (remaining gas: 1037251 units remaining)
    [ 2  	
      Unit  	@parameter ]
  - location: 71 (remaining gas: 1037250 units remaining)
    [ 2  	
      2  	
      Unit  	@parameter ]
  - location: 74 (remaining gas: 1037249 units remaining)
    [ 4  	
      Unit  	@parameter ]
  - location: 75 (remaining gas: 1037249 units remaining)
    [ 4  	
      4  	
      Unit  	@parameter ]
  - location: 80 (remaining gas: 1037247 units remaining)
    [ 0  	
      Unit  	@parameter ]
  - location: 81 (remaining gas: 1037246 units remaining)
    [ True  	
      Unit  	@parameter ]
  - location: -1 (remaining gas: 1037246 units remaining)
    [ True  	
      Unit  	@parameter ]
  - location: 83 (remaining gas: 1037246 units remaining)
    [ Unit  	@parameter ]
  - location: -1 (remaining gas: 1037245 units remaining)
    [ Unit  	@parameter ]
  - location: 88 (remaining gas: 1037245 units remaining)
    [ 2  	
      Unit  	@parameter ]
  - location: 91 (remaining gas: 1037244 units remaining)
    [ 2  	
      2  	
      Unit  	@parameter ]
  - location: 94 (remaining gas: 1037243 units remaining)
    [ 4  	
      Unit  	@parameter ]
  - location: 95 (remaining gas: 1037243 units remaining)
    [ 4  	
      4  	
      Unit  	@parameter ]
  - location: 100 (remaining gas: 1037241 units remaining)
    [ 0  	
      Unit  	@parameter ]
  - location: 101 (remaining gas: 1037241 units remaining)
    [ True  	
      Unit  	@parameter ]
  - location: -1 (remaining gas: 1037241 units remaining)
    [ True  	
      Unit  	@parameter ]
  - location: 103 (remaining gas: 1037240 units remaining)
    [ Unit  	@parameter ]
  - location: -1 (remaining gas: 1037240 units remaining)
    [ Unit  	@parameter ]
  - location: 108 (remaining gas: 1037239 units remaining)
    [ 60  	
      Unit  	@parameter ]
  - location: 111 (remaining gas: 1037239 units remaining)
    [ "2019-09-09T12:08:37Z"  	
      60  	
      Unit  	@parameter ]
  - location: 114 (remaining gas: 1037238 units remaining)
    [ "2019-09-09T12:09:37Z"  	
      Unit  	@parameter ]
  - location: 115 (remaining gas: 1037237 units remaining)
    [ "2019-09-09T12:09:37Z"  	
      "2019-09-09T12:09:37Z"  	
      Unit  	@parameter ]
  - location: 120 (remaining gas: 1037236 units remaining)
    [ 0  	
      Unit  	@parameter ]
  - location: 121 (remaining gas: 1037235 units remaining)
    [ True  	
      Unit  	@parameter ]
  - location: -1 (remaining gas: 1037235 units remaining)
    [ True  	
      Unit  	@parameter ]
  - location: 123 (remaining gas: 1037234 units remaining)
    [ Unit  	@parameter ]
  - location: -1 (remaining gas: 1037234 units remaining)
    [ Unit  	@parameter ]
  - location: 128 (remaining gas: 1037234 units remaining)
    [ "2019-09-09T12:08:37Z"  	
      Unit  	@parameter ]
  - location: 131 (remaining gas: 1037233 units remaining)
    [ 60  	
      "2019-09-09T12:08:37Z"  	
      Unit  	@parameter ]
  - location: 134 (remaining gas: 1037232 units remaining)
    [ "2019-09-09T12:09:37Z"  	
      Unit  	@parameter ]
  - location: 135 (remaining gas: 1037232 units remaining)
    [ "2019-09-09T12:09:37Z"  	
      "2019-09-09T12:09:37Z"  	
      Unit  	@parameter ]
  - location: 140 (remaining gas: 1037230 units remaining)
    [ 0  	
      Unit  	@parameter ]
  - location: 141 (remaining gas: 1037229 units remaining)
    [ True  	
      Unit  	@parameter ]
  - location: -1 (remaining gas: 1037229 units remaining)
    [ True  	
      Unit  	@parameter ]
  - location: 143 (remaining gas: 1037229 units remaining)
    [ Unit  	@parameter ]
  - location: -1 (remaining gas: 1037228 units remaining)
    [ Unit  	@parameter ]
  - location: 148 (remaining gas: 1037228 units remaining)
    [ 1000  	
      Unit  	@parameter ]
  - location: 151 (remaining gas: 1037227 units remaining)
    [ 1000  	
      1000  	
      Unit  	@parameter ]
  - location: 154 (remaining gas: 1037226 units remaining)
    [ 2000  	
      Unit  	@parameter ]
  - location: 155 (remaining gas: 1037226 units remaining)
    [ 2000  	
      2000  	
      Unit  	@parameter ]
  - location: 160 (remaining gas: 1037225 units remaining)
    [ 0  	
      Unit  	@parameter ]
  - location: 161 (remaining gas: 1037224 units remaining)
    [ True  	
      Unit  	@parameter ]
  - location: -1 (remaining gas: 1037224 units remaining)
    [ True  	
      Unit  	@parameter ]
  - location: 163 (remaining gas: 1037223 units remaining)
    [ Unit  	@parameter ]
  - location: -1 (remaining gas: 1037223 units remaining)
    [ Unit  	@parameter ]
  - location: 168 (remaining gas: 1037222 units remaining)
    [ {}  	
      Unit  	@parameter ]
  - location: 170 (remaining gas: 1037222 units remaining)
    [ (Pair {} Unit)  	 ]
  - location: -1 (remaining gas: 1037222 units remaining)
    [ (Pair {} Unit)  	 ]

