tests/test_contract_opcodes.py::TestContractOpcodes::test_contract_input_output[if_some.tz-"?"-(Some "hello")-"hello"]

storage
  "hello"
emitted operations
  
big_map diff
  
trace
  - location: 7 (remaining gas: 1039732 units remaining)
    [ (Pair (Some "hello") "?")  	 ]
  - location: 8 (remaining gas: 1039732 units remaining)
    [ (Some "hello")  	@parameter ]
  - location: 15 (remaining gas: 1039731 units remaining)
    [ "hello"  	 ]
  - location: 9 (remaining gas: 1039731 units remaining)
    [ "hello"  	 ]
  - location: 16 (remaining gas: 1039731 units remaining)
    [ {}  	
      "hello"  	 ]
  - location: 18 (remaining gas: 1039730 units remaining)
    [ (Pair {} "hello")  	 ]
  - location: -1 (remaining gas: 1039730 units remaining)
    [ (Pair {} "hello")  	 ]

