tests/test_contract_opcodes.py::TestContractOpcodes::test_contract_input_output[shifts.tz-None-(Right (Pair 8 1))-(Some 4)]

storage
  (Some 4)
emitted operations
  
big_map diff
  
trace
  - location: 13 (remaining gas: 1039283 units remaining)
    [ (Pair (Right (Pair 8 1)) None)  	 ]
  - location: 14 (remaining gas: 1039283 units remaining)
    [ (Right (Pair 8 1))  	@parameter ]
  - location: 28 (remaining gas: 1039282 units remaining)
    [ (Pair 8 1)  	@parameter.right
      (Pair 8 1)  	@parameter.right ]
  - location: 29 (remaining gas: 1039281 units remaining)
    [ 8  	
      (Pair 8 1)  	@parameter.right ]
  - location: 32 (remaining gas: 1039280 units remaining)
    [ 1  	 ]
  - location: 31 (remaining gas: 1039280 units remaining)
    [ 1  	 ]
  - location: 30 (remaining gas: 1039280 units remaining)
    [ 8  	
      1  	 ]
  - location: -1 (remaining gas: 1039280 units remaining)
    [ 8  	
      1  	 ]
  - location: 26 (remaining gas: 1039280 units remaining)
    [ 8  	
      1  	 ]
  - location: 33 (remaining gas: 1039279 units remaining)
    [ 4  	 ]
  - location: -1 (remaining gas: 1039279 units remaining)
    [ 4  	 ]
  - location: 34 (remaining gas: 1039278 units remaining)
    [ (Some 4)  	 ]
  - location: 35 (remaining gas: 1039278 units remaining)
    [ {}  	
      (Some 4)  	 ]
  - location: 37 (remaining gas: 1039278 units remaining)
    [ (Pair {} (Some 4))  	 ]
  - location: -1 (remaining gas: 1039277 units remaining)
    [ (Pair {} (Some 4))  	 ]

