tests/test_contract_opcodes.py::TestContractOpcodes::test_contract_input_output[not_binary.tz-None-(Right 0)-(Some -1)]

storage
  (Some -1)
emitted operations
  
big_map diff
  
trace
  - location: 9 (remaining gas: 1039685 units remaining)
    [ (Pair (Right 0) None)  	 ]
  - location: 10 (remaining gas: 1039685 units remaining)
    [ (Right 0)  	@parameter ]
  - location: 15 (remaining gas: 1039683 units remaining)
    [ -1  	 ]
  - location: 14 (remaining gas: 1039683 units remaining)
    [ -1  	 ]
  - location: 16 (remaining gas: 1039683 units remaining)
    [ (Some -1)  	 ]
  - location: 17 (remaining gas: 1039682 units remaining)
    [ {}  	
      (Some -1)  	 ]
  - location: 19 (remaining gas: 1039682 units remaining)
    [ (Pair {} (Some -1))  	 ]
  - location: -1 (remaining gas: 1039682 units remaining)
    [ (Pair {} (Some -1))  	 ]

