tests/test_contract_macros.py::TestMacroExpansion::test_macro_expansion[macros/macro_annotations.tz]

{ parameter unit ;
  storage (pair (unit %truc) unit) ;
  code { DROP ;
         UNIT ;
         UNIT ;
         PAIR %truc ;
         UNIT ;
         { DIP { DUP @new_storage } ; SWAP } ;
         DIP { DROP ; DROP } ;
         NIL operation ;
         PAIR } }
