tests/test_contract_opcodes.py::TestContractOpcodes::test_contract_input_output[balance.tz-111-Unit-4000000000000]

storage
  4000000000000
emitted operations
  
big_map diff
  
trace
  - location: 6 (remaining gas: 1039812 units remaining)
    [ (Pair Unit 111)  	 ]
  - location: 7 (remaining gas: 1039812 units remaining)
    [  ]
  - location: 8 (remaining gas: 1039812 units remaining)
    [ 4000000000000  	@balance ]
  - location: 9 (remaining gas: 1039811 units remaining)
    [ {}  	
      4000000000000  	@balance ]
  - location: 11 (remaining gas: 1039811 units remaining)
    [ (Pair {} 4000000000000)  	 ]
  - location: -1 (remaining gas: 1039810 units remaining)
    [ (Pair {} 4000000000000)  	 ]

