tests/test_contract_opcodes.py::TestContractOpcodes::test_contract_input_output[list_id.tz-{""}-{}-{}]

storage
  {}
emitted operations
  
big_map diff
  
trace
  - location: 8 (remaining gas: 1039820 units remaining)
    [ (Pair {} { "" })  	 ]
  - location: 9 (remaining gas: 1039820 units remaining)
    [ {}  	@parameter ]
  - location: 10 (remaining gas: 1039820 units remaining)
    [ {}  	
      {}  	@parameter ]
  - location: 12 (remaining gas: 1039819 units remaining)
    [ (Pair {} {})  	 ]
  - location: -1 (remaining gas: 1039819 units remaining)
    [ (Pair {} {})  	 ]

