tests/test_contract_opcodes.py::TestContractOpcodes::test_contract_input_output[and.tz-None-(Pair False False)-(Some False)]

storage
  (Some False)
emitted operations
  
big_map diff
  
trace
  - location: 9 (remaining gas: 1039351 units remaining)
    [ (Pair (Pair False False) None)  	 ]
  - location: 10 (remaining gas: 1039351 units remaining)
    [ (Pair False False)  	@param ]
  - location: 13 (remaining gas: 1039350 units remaining)
    [ (Pair False False)  	@param
      (Pair False False)  	@param ]
  - location: 14 (remaining gas: 1039350 units remaining)
    [ False  	
      (Pair False False)  	@param ]
  - location: 17 (remaining gas: 1039349 units remaining)
    [ False  	 ]
  - location: 16 (remaining gas: 1039349 units remaining)
    [ False  	 ]
  - location: 15 (remaining gas: 1039349 units remaining)
    [ False  	
      False  	 ]
  - location: -1 (remaining gas: 1039349 units remaining)
    [ False  	
      False  	 ]
  - location: 11 (remaining gas: 1039348 units remaining)
    [ False  	
      False  	 ]
  - location: 18 (remaining gas: 1039348 units remaining)
    [ False  	@and ]
  - location: 19 (remaining gas: 1039347 units remaining)
    [ (Some False)  	@res ]
  - location: 20 (remaining gas: 1039347 units remaining)
    [ {}  	@noop
      (Some False)  	@res ]
  - location: 22 (remaining gas: 1039346 units remaining)
    [ (Pair {} (Some False))  	 ]
  - location: 25 (remaining gas: 1039346 units remaining)
    [ (Pair {} (Some False))  	
      (Pair {} (Some False))  	 ]
  - location: 26 (remaining gas: 1039345 units remaining)
    [ {}  	@x
      (Pair {} (Some False))  	 ]
  - location: 29 (remaining gas: 1039344 units remaining)
    [ (Some False)  	@y ]
  - location: 28 (remaining gas: 1039344 units remaining)
    [ (Some False)  	@y ]
  - location: 27 (remaining gas: 1039344 units remaining)
    [ {}  	@x
      (Some False)  	@y ]
  - location: -1 (remaining gas: 1039344 units remaining)
    [ {}  	@x
      (Some False)  	@y ]
  - location: 23 (remaining gas: 1039344 units remaining)
    [ {}  	@x
      (Some False)  	@y ]
  - location: 30 (remaining gas: 1039343 units remaining)
    [ (Pair {} (Some False))  	 ]
  - location: -1 (remaining gas: 1039343 units remaining)
    [ (Pair {} (Some False))  	 ]

