tests/test_contract_opcodes.py::TestContractOpcodes::test_contract_input_output[set_cdr.tz-(Pair "hello" 7)-100-(Pair "hello" 100)]

storage
  (Pair "hello" 100)
emitted operations
  
big_map diff
  
trace
  - location: 8 (remaining gas: 1039516 units remaining)
    [ (Pair 100 (Pair "hello" 7))  	 ]
  - location: 9 (remaining gas: 1039516 units remaining)
    [ (Pair 100 (Pair "hello" 7))  	
      (Pair 100 (Pair "hello" 7))  	 ]
  - location: 10 (remaining gas: 1039516 units remaining)
    [ (Pair "hello" 7)  	@storage
      (Pair 100 (Pair "hello" 7))  	 ]
  - location: 13 (remaining gas: 1039515 units remaining)
    [ 100  	@parameter ]
  - location: 12 (remaining gas: 1039514 units remaining)
    [ 100  	@parameter ]
  - location: 11 (remaining gas: 1039514 units remaining)
    [ (Pair "hello" 7)  	@storage
      100  	@parameter ]
  - location: 15 (remaining gas: 1039514 units remaining)
    [ (Pair "hello" 7)  	@storage
      (Pair "hello" 7)  	@storage
      100  	@parameter ]
  - location: 16 (remaining gas: 1039513 units remaining)
    [ 7  	
      (Pair "hello" 7)  	@storage
      100  	@parameter ]
  - location: 17 (remaining gas: 1039513 units remaining)
    [ (Pair "hello" 7)  	@storage
      100  	@parameter ]
  - location: 18 (remaining gas: 1039512 units remaining)
    [ "hello"  	@storage.s
      100  	@parameter ]
  - location: 19 (remaining gas: 1039512 units remaining)
    [ (Pair "hello" 100)  	@storage ]
  - location: -1 (remaining gas: 1039512 units remaining)
    [ (Pair "hello" 100)  	@storage ]
  - location: 20 (remaining gas: 1039511 units remaining)
    [ {}  	
      (Pair "hello" 100)  	@storage ]
  - location: 22 (remaining gas: 1039511 units remaining)
    [ (Pair {} (Pair "hello" 100))  	 ]
  - location: -1 (remaining gas: 1039511 units remaining)
    [ (Pair {} (Pair "hello" 100))  	 ]

