tests/test_contract_opcodes.py::TestContractOpcodes::test_contract_input_output[reverse_loop.tz-{""}-{ "c" ; "b" ; "a" }-{ "a" ; "b" ; "c" }]

storage
  { "a" ; "b" ; "c" }
emitted operations
  
big_map diff
  
trace
  - location: 8 (remaining gas: 1039303 units remaining)
    [ (Pair { "c" ; "b" ; "a" } { "" })  	 ]
  - location: 9 (remaining gas: 1039303 units remaining)
    [ { "c" ; "b" ; "a" }  	@parameter ]
  - location: 10 (remaining gas: 1039303 units remaining)
    [ {}  	
      { "c" ; "b" ; "a" }  	@parameter ]
  - location: 12 (remaining gas: 1039302 units remaining)
    [ { "c" ; "b" ; "a" }  	@parameter
      {}  	 ]
  - location: 13 (remaining gas: 1039302 units remaining)
    [ True  	
      { "c" ; "b" ; "a" }  	@parameter
      {}  	 ]
  - location: 20 (remaining gas: 1039300 units remaining)
    [ { "b" ; "a" }  	@parameter.tl
      "c"  	@parameter.hd
      {}  	 ]
  - location: 23 (remaining gas: 1039299 units remaining)
    [ { "c" }  	 ]
  - location: 22 (remaining gas: 1039299 units remaining)
    [ { "c" }  	 ]
  - location: 21 (remaining gas: 1039299 units remaining)
    [ { "b" ; "a" }  	@parameter.tl
      { "c" }  	 ]
  - location: 24 (remaining gas: 1039299 units remaining)
    [ True  	
      { "b" ; "a" }  	@parameter.tl
      { "c" }  	 ]
  - location: -1 (remaining gas: 1039298 units remaining)
    [ True  	
      { "b" ; "a" }  	@parameter.tl
      { "c" }  	 ]
  - location: 17 (remaining gas: 1039298 units remaining)
    [ True  	
      { "b" ; "a" }  	
      { "c" }  	 ]
  - location: 20 (remaining gas: 1039297 units remaining)
    [ { "a" }  	@parameter.tl
      "b"  	@parameter.hd
      { "c" }  	 ]
  - location: 23 (remaining gas: 1039296 units remaining)
    [ { "b" ; "c" }  	 ]
  - location: 22 (remaining gas: 1039296 units remaining)
    [ { "b" ; "c" }  	 ]
  - location: 21 (remaining gas: 1039296 units remaining)
    [ { "a" }  	@parameter.tl
      { "b" ; "c" }  	 ]
  - location: 24 (remaining gas: 1039296 units remaining)
    [ True  	
      { "a" }  	@parameter.tl
      { "b" ; "c" }  	 ]
  - location: -1 (remaining gas: 1039295 units remaining)
    [ True  	
      { "a" }  	@parameter.tl
      { "b" ; "c" }  	 ]
  - location: 17 (remaining gas: 1039295 units remaining)
    [ True  	
      { "a" }  	
      { "b" ; "c" }  	 ]
  - location: 20 (remaining gas: 1039294 units remaining)
    [ {}  	@parameter.tl
      "a"  	@parameter.hd
      { "b" ; "c" }  	 ]
  - location: 23 (remaining gas: 1039293 units remaining)
    [ { "a" ; "b" ; "c" }  	 ]
  - location: 22 (remaining gas: 1039293 units remaining)
    [ { "a" ; "b" ; "c" }  	 ]
  - location: 21 (remaining gas: 1039293 units remaining)
    [ {}  	@parameter.tl
      { "a" ; "b" ; "c" }  	 ]
  - location: 24 (remaining gas: 1039292 units remaining)
    [ True  	
      {}  	@parameter.tl
      { "a" ; "b" ; "c" }  	 ]
  - location: -1 (remaining gas: 1039292 units remaining)
    [ True  	
      {}  	@parameter.tl
      { "a" ; "b" ; "c" }  	 ]
  - location: 17 (remaining gas: 1039292 units remaining)
    [ True  	
      {}  	
      { "a" ; "b" ; "c" }  	 ]
  - location: 28 (remaining gas: 1039291 units remaining)
    [ {}  	
      { "a" ; "b" ; "c" }  	 ]
  - location: 30 (remaining gas: 1039290 units remaining)
    [ False  	
      {}  	
      { "a" ; "b" ; "c" }  	 ]
  - location: -1 (remaining gas: 1039290 units remaining)
    [ False  	
      {}  	
      { "a" ; "b" ; "c" }  	 ]
  - location: 17 (remaining gas: 1039290 units remaining)
    [ False  	
      {}  	
      { "a" ; "b" ; "c" }  	 ]
  - location: 16 (remaining gas: 1039290 units remaining)
    [ {}  	@parameter
      { "a" ; "b" ; "c" }  	 ]
  - location: 33 (remaining gas: 1039289 units remaining)
    [ { "a" ; "b" ; "c" }  	 ]
  - location: 34 (remaining gas: 1039289 units remaining)
    [ {}  	
      { "a" ; "b" ; "c" }  	 ]
  - location: 36 (remaining gas: 1039288 units remaining)
    [ (Pair {} { "a" ; "b" ; "c" })  	 ]
  - location: -1 (remaining gas: 1039288 units remaining)
    [ (Pair {} { "a" ; "b" ; "c" })  	 ]

